../bsp/Src/lcd.c:14:6:LCD_Init	8	static
../bsp/Src/lcd.c:49:6:LCD_Send_Command	16	static
../bsp/Src/lcd.c:65:6:LCD_Send_Char	16	static
../bsp/Src/lcd.c:81:6:LCD_Print_String	16	static
../bsp/Src/lcd.c:90:13:LCD_Write_Nibble	16	static
../bsp/Src/lcd.c:105:6:LCD_Set_Cursor	16	static
../bsp/Src/lcd.c:121:13:LCD_Enable	8	static
../bsp/Src/lcd.c:129:6:LCD_Display_Clear	8	static
../bsp/Src/lcd.c:135:6:LCD_Display_Return_Home	8	static
../bsp/Src/lcd.c:141:13:LCD_GPIO_Pin_Config	24	static
../bsp/Src/lcd.c:181:6:delay_ms	24	static
../bsp/Src/lcd.c:186:6:delay_us	24	static
