../bsp/Src/rtc_ds1307.c:28:9:RTC_DS1307_Init	16	static
../bsp/Src/rtc_ds1307.c:49:6:RTC_DS1307_Set_Current_Time	24	static
../bsp/Src/rtc_ds1307.c:94:6:RTC_DS1307_Get_Current_Time	24	static
../bsp/Src/rtc_ds1307.c:137:6:RTC_DS1307_Set_Current_Date	24	static
../bsp/Src/rtc_ds1307.c:159:6:RTC_DS1307_Get_Current_Date	24	static
../bsp/Src/rtc_ds1307.c:180:13:RTC_DS1307_I2C_Pin_Config	32	static
../bsp/Src/rtc_ds1307.c:212:13:RTC_DS1307_I2C_Config	8	static
../bsp/Src/rtc_ds1307.c:220:13:RTC_DS1307_Write	32	static
../bsp/Src/rtc_ds1307.c:228:16:RTC_DS1307_Read	32	static
../bsp/Src/rtc_ds1307.c:237:16:Binary_to_BCD	24	static
../bsp/Src/rtc_ds1307.c:253:16:BCD_to_Binary	24	static
