../Src/stm32_rtc_ds1307_lcd.c:30:5:main	8	static
../Src/stm32_rtc_ds1307_lcd.c:65:6:Systick_Timer_Init	32	static
../Src/stm32_rtc_ds1307_lcd.c:88:6:SysTick_Handler	8	static
../Src/stm32_rtc_ds1307_lcd.c:99:6:RTC_Set_Date	8	static
../Src/stm32_rtc_ds1307_lcd.c:109:6:RTC_Set_Time	8	static
../Src/stm32_rtc_ds1307_lcd.c:119:6:RTC_Print_Time	16	static
../Src/stm32_rtc_ds1307_lcd.c:147:6:RTC_Print_Date	16	static
../Src/stm32_rtc_ds1307_lcd.c:158:7:get_day_of_week	56	static
../Src/stm32_rtc_ds1307_lcd.c:165:7:Time_to_String	16	static
../Src/stm32_rtc_ds1307_lcd.c:181:7:Date_to_String	16	static
../Src/stm32_rtc_ds1307_lcd.c:198:6:Number_to_String	16	static
